%Warning-EOFNEWLINE: Control_RISCV/source/alu_decoder.sv:208:10: Missing newline at end of file (POSIX 3.206).
                                                               : ... Suggest add newline.
  208 | endmodule
      |          ^
                     ... For warning description see https://verilator.org/warn/EOFNEWLINE?v=5.020
                     ... Use "/* verilator lint_off EOFNEWLINE */" and lint_on around source to disable this message.
%Warning-EOFNEWLINE: Control_RISCV/source/control_unit.sv:57:10: Missing newline at end of file (POSIX 3.206).
                                                               : ... Suggest add newline.
   57 | endmodule
      |          ^
%Warning-EOFNEWLINE: Control_RISCV/source/main_decoder.sv:167:10: Missing newline at end of file (POSIX 3.206).
                                                                : ... Suggest add newline.
  167 | endmodule
      |          ^
%Warning-EOFNEWLINE: Salidas_Locales/rtl/buzzer_controller.sv:329:10: Missing newline at end of file (POSIX 3.206).
                                                                    : ... Suggest add newline.
  329 | endmodule
      |          ^
%Warning-EOFNEWLINE: Salidas_Locales/rtl/peripherals_mmio.sv:291:10: Missing newline at end of file (POSIX 3.206).
                                                                   : ... Suggest add newline.
  291 | endmodule
      |          ^
%Warning-EOFNEWLINE: Salidas_Locales/rtl/seven_seg_decoder.sv:46:10: Missing newline at end of file (POSIX 3.206).
                                                                   : ... Suggest add newline.
   46 | endmodule
      |          ^
%Warning-EOFNEWLINE: Salidas_Locales/rtl/seven_seg_display.sv:190:10: Missing newline at end of file (POSIX 3.206).
                                                                    : ... Suggest add newline.
  190 | endmodule
      |          ^
%Warning-EOFNEWLINE: Salidas_Locales/rtl/status_led.sv:74:10: Missing newline at end of file (POSIX 3.206).
                                                            : ... Suggest add newline.
   74 | endmodule
      |          ^
%Warning-EOFNEWLINE: Nucleo_VGA/modulos_nucleo_vga/vga_top.sv:170:10: Missing newline at end of file (POSIX 3.206).
                                                                    : ... Suggest add newline.
  170 | endmodule
      |          ^
%Warning-EOFNEWLINE: Nucleo_VGA/modulos_nucleo_vga/vga_timing.sv:73:10: Missing newline at end of file (POSIX 3.206).
                                                                      : ... Suggest add newline.
   73 | endmodule
      |          ^
%Warning-EOFNEWLINE: Nucleo_VGA/modulos_nucleo_vga/tile_decoder.sv:97:10: Missing newline at end of file (POSIX 3.206).
                                                                        : ... Suggest add newline.
   97 | endmodule
      |          ^
%Warning-DECLFILENAME: Integracion/tb/vga_clock_sim.sv:3:8: Filename 'vga_clock_sim' does not match MODULE name: 'vga_clock'
    3 | module vga_clock(input logic clk_in1, reset,output logic pixel_clk,locked);
      |        ^~~~~~~~~
%Warning-TIMESCALEMOD: Datapath_RISCV/source/riscv_pkg.sv:6:9: Timescale missing on this module as other modules have it (IEEE 1800-2017 3.14.2.3)
    6 | package riscv_pkg;
      |         ^~~~~~~~~
                       Memorias_Bus/rtl/data_ram.sv:6:8: ... Location of module with timescale
    6 | module data_ram (
      |        ^~~~~~~~
%Warning-TIMESCALEMOD: Datapath_RISCV/source/adder.sv:2:8: Timescale missing on this module as other modules have it (IEEE 1800-2017 3.14.2.3)
    2 | module adder #(
      |        ^~~~~
                       Memorias_Bus/rtl/data_ram.sv:6:8: ... Location of module with timescale
    6 | module data_ram (
      |        ^~~~~~~~
%Warning-TIMESCALEMOD: Datapath_RISCV/source/alu.sv:22:8: Timescale missing on this module as other modules have it (IEEE 1800-2017 3.14.2.3)
   22 | module alu
      |        ^~~
                       Memorias_Bus/rtl/data_ram.sv:6:8: ... Location of module with timescale
    6 | module data_ram (
      |        ^~~~~~~~
%Warning-TIMESCALEMOD: Datapath_RISCV/source/branch_unit.sv:15:8: Timescale missing on this module as other modules have it (IEEE 1800-2017 3.14.2.3)
   15 | module branch_unit #(
      |        ^~~~~~~~~~~
                       Memorias_Bus/rtl/data_ram.sv:6:8: ... Location of module with timescale
    6 | module data_ram (
      |        ^~~~~~~~
%Warning-TIMESCALEMOD: Datapath_RISCV/source/datapath.sv:11:8: Timescale missing on this module as other modules have it (IEEE 1800-2017 3.14.2.3)
   11 | module datapath
      |        ^~~~~~~~
                       Memorias_Bus/rtl/data_ram.sv:6:8: ... Location of module with timescale
    6 | module data_ram (
      |        ^~~~~~~~
%Warning-TIMESCALEMOD: Datapath_RISCV/source/imm_gen.sv:16:8: Timescale missing on this module as other modules have it (IEEE 1800-2017 3.14.2.3)
   16 | module imm_gen
      |        ^~~~~~~
                       Memorias_Bus/rtl/data_ram.sv:6:8: ... Location of module with timescale
    6 | module data_ram (
      |        ^~~~~~~~
%Warning-TIMESCALEMOD: Datapath_RISCV/source/mux_2_1.sv:4:8: Timescale missing on this module as other modules have it (IEEE 1800-2017 3.14.2.3)
    4 | module mux_2_1 #(
      |        ^~~~~~~
                       Memorias_Bus/rtl/data_ram.sv:6:8: ... Location of module with timescale
    6 | module data_ram (
      |        ^~~~~~~~
%Warning-TIMESCALEMOD: Datapath_RISCV/source/mux_4_1.sv:2:8: Timescale missing on this module as other modules have it (IEEE 1800-2017 3.14.2.3)
    2 | module mux_4_1 #(
      |        ^~~~~~~
                       Memorias_Bus/rtl/data_ram.sv:6:8: ... Location of module with timescale
    6 | module data_ram (
      |        ^~~~~~~~
%Warning-TIMESCALEMOD: Datapath_RISCV/source/next_pc_logic.sv:16:8: Timescale missing on this module as other modules have it (IEEE 1800-2017 3.14.2.3)
   16 | module next_pc_logic #(
      |        ^~~~~~~~~~~~~
                       Memorias_Bus/rtl/data_ram.sv:6:8: ... Location of module with timescale
    6 | module data_ram (
      |        ^~~~~~~~
%Warning-TIMESCALEMOD: Datapath_RISCV/source/pc_reg.sv:5:8: Timescale missing on this module as other modules have it (IEEE 1800-2017 3.14.2.3)
    5 | module pc_reg #(
      |        ^~~~~~
                       Memorias_Bus/rtl/data_ram.sv:6:8: ... Location of module with timescale
    6 | module data_ram (
      |        ^~~~~~~~
%Warning-TIMESCALEMOD: Datapath_RISCV/source/reg_file.sv:11:8: Timescale missing on this module as other modules have it (IEEE 1800-2017 3.14.2.3)
   11 | module reg_file #(
      |        ^~~~~~~~
                       Memorias_Bus/rtl/data_ram.sv:6:8: ... Location of module with timescale
    6 | module data_ram (
      |        ^~~~~~~~
%Warning-TIMESCALEMOD: Control_RISCV/source/alu_decoder.sv:1:8: Timescale missing on this module as other modules have it (IEEE 1800-2017 3.14.2.3)
    1 | module alu_decoder (
      |        ^~~~~~~~~~~
                       Memorias_Bus/rtl/data_ram.sv:6:8: ... Location of module with timescale
    6 | module data_ram (
      |        ^~~~~~~~
%Warning-TIMESCALEMOD: Control_RISCV/source/control_unit.sv:1:8: Timescale missing on this module as other modules have it (IEEE 1800-2017 3.14.2.3)
    1 | module control_unit (
      |        ^~~~~~~~~~~~
                       Memorias_Bus/rtl/data_ram.sv:6:8: ... Location of module with timescale
    6 | module data_ram (
      |        ^~~~~~~~
%Warning-TIMESCALEMOD: Control_RISCV/source/main_decoder.sv:1:8: Timescale missing on this module as other modules have it (IEEE 1800-2017 3.14.2.3)
    1 | module main_decoder (
      |        ^~~~~~~~~~~~
                       Memorias_Bus/rtl/data_ram.sv:6:8: ... Location of module with timescale
    6 | module data_ram (
      |        ^~~~~~~~
%Warning-TIMESCALEMOD: Core_RISCV/source/riscv_core.sv:15:8: Timescale missing on this module as other modules have it (IEEE 1800-2017 3.14.2.3)
   15 | module riscv_core (
      |        ^~~~~~~~~~
                       Memorias_Bus/rtl/data_ram.sv:6:8: ... Location of module with timescale
    6 | module data_ram (
      |        ^~~~~~~~
%Warning-WIDTHTRUNC: Entradas_Jugador1/rtl/debounce_button.sv:17:36: Operator VAR 'LAST_COUNT' expects 21 bits on the Initial value, but Initial value's SUB generates 32 bits.
                                                                   : ... note: In instance 'batalla_naval_top.u_buttons.g_buttons[6].u_debounce'
   17 |     localparam logic [COUNT_W-1:0] LAST_COUNT = CYCLES - 1;
      |                                    ^~~~~~~~~~
%Warning-WIDTHEXPAND: Nucleo_VGA/modulos_nucleo_vga/tile_address.sv:28:38: Operator ADD expects 9 bits on the RHS, but RHS's VARREF 'tile_x' generates 5 bits.
                                                                         : ... note: In instance 'batalla_naval_top.u_video.u_tile_address'
   28 |         tile_addr = (tile_y * 9'd20) + tile_x;
      |                                      ^
%Warning-WIDTHTRUNC: Salidas_Locales/rtl/seven_seg_display.sv:78:22: Operator ASSIGN expects 4 bits on the Assign RHS, but Assign RHS's DIV generates 32 or 8 bits.
                                                                   : ... note: In instance 'batalla_naval_top.u_outputs.u_display'
   78 |             p1_tens  = player1 / 10;
      |                      ^
%Warning-WIDTHTRUNC: Salidas_Locales/rtl/seven_seg_display.sv:79:22: Operator ASSIGN expects 4 bits on the Assign RHS, but Assign RHS's MODDIV generates 32 or 8 bits.
                                                                   : ... note: In instance 'batalla_naval_top.u_outputs.u_display'
   79 |             p1_units = player1 % 10;
      |                      ^
%Warning-WIDTHTRUNC: Salidas_Locales/rtl/seven_seg_display.sv:87:22: Operator ASSIGN expects 4 bits on the Assign RHS, but Assign RHS's DIV generates 32 or 8 bits.
                                                                   : ... note: In instance 'batalla_naval_top.u_outputs.u_display'
   87 |             p2_tens  = player2 / 10;
      |                      ^
%Warning-WIDTHTRUNC: Salidas_Locales/rtl/seven_seg_display.sv:88:22: Operator ASSIGN expects 4 bits on the Assign RHS, but Assign RHS's MODDIV generates 32 or 8 bits.
                                                                   : ... note: In instance 'batalla_naval_top.u_outputs.u_display'
   88 |             p2_units = player2 % 10;
      |                      ^
%Warning-WIDTHEXPAND: UART/rtl/uart_transmitter.sv:85:38: Operator EQ expects 32 or 4 bits on the LHS, but LHS's VARREF 'nbits_reg' generates 3 bits.
                                                        : ... note: In instance 'batalla_naval_top.u_uart.u_tx'
   85 |                         if(nbits_reg == (DBITS-1))
      |                                      ^~
%Warning-WIDTHEXPAND: UART/rtl/uart_transmitter.sv:97:33: Operator EQ expects 32 or 5 bits on the LHS, but LHS's VARREF 'tick_reg' generates 4 bits.
                                                        : ... note: In instance 'batalla_naval_top.u_uart.u_tx'
   97 |                     if(tick_reg == (SB_TICK-1)) begin
      |                                 ^~
%Warning-WIDTHEXPAND: UART/rtl/uart_receiver.sv:72:38: Operator EQ expects 32 or 4 bits on the LHS, but LHS's VARREF 'nbits_reg' generates 3 bits.
                                                     : ... note: In instance 'batalla_naval_top.u_uart.u_rx'
   72 |                         if(nbits_reg == (DBITS-1))
      |                                      ^~
%Warning-WIDTHEXPAND: UART/rtl/uart_receiver.sv:81:33: Operator EQ expects 32 or 5 bits on the LHS, but LHS's VARREF 'tick_reg' generates 4 bits.
                                                     : ... note: In instance 'batalla_naval_top.u_uart.u_rx'
   81 |                     if(tick_reg == (SB_TICK-1)) begin
      |                                 ^~
%Warning-WIDTHEXPAND: UART/rtl/uart_mmio_fifo.sv:23:31: Operator EQ expects 32 bits on the LHS, but LHS's VARREF 'count_r' generates 3 bits.
                                                      : ... note: In instance 'batalla_naval_top.u_uart.u_tx_fifo'
   23 |     assign full_o  = (count_r == DEPTH);
      |                               ^~
%Warning-UNUSEDSIGNAL: Integracion/rtl/batalla_naval_top.sv:39:8: Signal is not used: 'display_sel'
                                                                : ... note: In instance 'batalla_naval_top'
   39 |  logic display_sel,display_we,led_sel,led_we,buzzer_sel,buzzer_we,vga_sel,vga_we;
      |        ^~~~~~~~~~~
%Warning-UNUSEDSIGNAL: Integracion/rtl/batalla_naval_top.sv:39:31: Signal is not used: 'led_sel'
                                                                 : ... note: In instance 'batalla_naval_top'
   39 |  logic display_sel,display_we,led_sel,led_we,buzzer_sel,buzzer_we,vga_sel,vga_we;
      |                               ^~~~~~~
%Warning-UNUSEDSIGNAL: Integracion/rtl/batalla_naval_top.sv:39:46: Signal is not used: 'buzzer_sel'
                                                                 : ... note: In instance 'batalla_naval_top'
   39 |  logic display_sel,display_we,led_sel,led_we,buzzer_sel,buzzer_we,vga_sel,vga_we;
      |                                              ^~~~~~~~~~
%Warning-UNUSEDSIGNAL: Integracion/rtl/batalla_naval_top.sv:39:67: Signal is not used: 'vga_sel'
                                                                 : ... note: In instance 'batalla_naval_top'
   39 |  logic display_sel,display_we,led_sel,led_we,buzzer_sel,buzzer_we,vga_sel,vga_we;
      |                                                                   ^~~~~~~
%Warning-UNUSEDSIGNAL: Entradas_Jugador1/rtl/j1_inputs_peripheral.sv:20:25: Bits of signal are not used: 'wdata_i'[31:15,7:0]
                                                                          : ... note: In instance 'batalla_naval_top.u_buttons'
   20 |     input  logic [31:0] wdata_i,
      |                         ^~~~~~~
%Warning-UNUSEDSIGNAL: UART/rtl/uart_mmio_peripheral.sv:15:25: Bits of signal are not used: 'wdata_i'[31:9]
                                                             : ... note: In instance 'batalla_naval_top.u_uart'
   15 |     input  logic [31:0] wdata_i,
      |                         ^~~~~~~
%Warning-UNUSEDSIGNAL: Salidas_Locales/rtl/peripherals_mmio.sv:36:25: Bits of signal are not used: 'bus_wdata_i'[31:16]
                                                                    : ... note: In instance 'batalla_naval_top.u_outputs'
   36 |     input  logic [31:0] bus_wdata_i,
      |                         ^~~~~~~~~~~
%Warning-UNUSEDSIGNAL: Nucleo_VGA/modulos_nucleo_vga/pixel_to_tile.sv:22:24: Bits of signal are not used: 'pixel_y'[9]
                                                                           : ... note: In instance 'batalla_naval_top.u_video.u_pixel_to_tile'
   22 |     input  logic [9:0] pixel_y,
      |                        ^~~~~~~
%Warning-UNUSEDSIGNAL: Nucleo_VGA/modulos_nucleo_vga/tile_decoder.sv:22:25: Bits of signal are not used: 'tile_data'[31:4]
                                                                          : ... note: In instance 'batalla_naval_top.u_video.u_tile_decoder'
   22 |     input  logic [31:0] tile_data,
      |                         ^~~~~~~~~
%Warning-SYNCASYNCNET: Integracion/rtl/batalla_naval_top.sv:29:8: Signal flopped as both synchronous and async: 'batalla_naval_top.rst'
                       UART/rtl/uart_mmio_peripheral.sv:32:13: ... Location of async usage
   32 |         if (rst_i) begin
      |             ^~~~~
                       Datapath_RISCV/source/pc_reg.sv:16:9: ... Location of sync usage
   16 |     if (rst_i) pc_o <= RESET_VECTOR[WIDTH-1:0];
      |         ^~~~~
