UART PASS NEW
UART PASS NEW
UART PASS PLACE,0,REJECT,OUT_OF_BOUNDS
UART PASS PLACE,0,OK
UART PASS PLACE,1,REJECT,OVERLAP
UART PASS PLACE,1,REJECT,INVALID
UART PASS PLACE,1,OK
UART PASS PLACE,2,OK
UART PASS BATTLE
UART PASS TURN,P1
UART PASS NEW
UART PASS PLACE,0,OK
UART PASS PLACE,1,OK
UART PASS PLACE,2,OK
UART PASS BATTLE
UART PASS TURN,P1
UART PASS SHOT_REJECT,7,6,NOT_TURN
UART PASS INCOMING,1,1,HIT,-
UART PASS TURN,P2
UART PASS SHOT,7,7,MISS,-
UART PASS TURN,P1
UART PASS INCOMING,0,1,HIT,-
UART PASS TURN,P2
UART PASS SHOT_REJECT,7,7,REPEAT
UART PASS ERROR,BAD_FRAME
UART PASS ERROR,BAD_FRAME
UART PASS SHOT,7,6,MISS,-
UART PASS TURN,P1
UART PASS INCOMING,0,0,HIT,-
UART PASS TURN,P2
UART PASS SHOT,7,5,MISS,-
UART PASS TURN,P1
UART PASS INCOMING,0,2,HIT,-
UART PASS TURN,P2
UART PASS SHOT,7,4,MISS,-
UART PASS TURN,P1
UART PASS INCOMING,0,3,SUNK,0
UART PASS TURN,P2
UART PASS SHOT,7,3,MISS,-
UART PASS TURN,P1
UART PASS INCOMING,1,0,HIT,-
UART PASS TURN,P2
UART PASS SHOT,7,2,MISS,-
UART PASS TURN,P1
UART PASS INCOMING,2,0,HIT,-
UART PASS TURN,P2
UART PASS SHOT,7,1,MISS,-
UART PASS TURN,P1
UART PASS INCOMING,3,0,SUNK,1
UART PASS TURN,P2
UART PASS SHOT,7,0,MISS,-
UART PASS TURN,P1
UART PASS INCOMING,1,2,SUNK,2
UART PASS END,P1,9,8,3,0
UART PASS SHOT_REJECT,0,0,NOT_TURN
UART PASS NEW
UART PASS PLACE,0,OK
UART PASS PLACE,1,OK
UART PASS PLACE,2,OK
UART PASS BATTLE
UART PASS TURN,P1
UART PASS INCOMING,7,0,MISS,-
UART PASS TURN,P2
UART PASS SHOT,0,0,HIT,-
UART PASS TURN,P1
UART PASS INCOMING,7,1,MISS,-
UART PASS TURN,P2
UART PASS SHOT,0,1,HIT,-
UART PASS TURN,P1
UART PASS INCOMING,7,2,MISS,-
UART PASS TURN,P2
UART PASS SHOT,0,2,HIT,-
UART PASS TURN,P1
UART PASS INCOMING,7,3,MISS,-
UART PASS TURN,P2
UART PASS SHOT,0,3,SUNK,0
UART PASS TURN,P1
UART PASS INCOMING,7,4,MISS,-
UART PASS TURN,P2
UART PASS SHOT,1,0,HIT,-
UART PASS TURN,P1
UART PASS INCOMING,7,5,MISS,-
UART PASS TURN,P2
UART PASS SHOT,2,0,HIT,-
UART PASS TURN,P1
UART PASS INCOMING,7,6,MISS,-
UART PASS TURN,P2
UART PASS SHOT,3,0,SUNK,1
UART PASS TURN,P1
UART PASS INCOMING,7,7,MISS,-
UART PASS TURN,P2
UART PASS SHOT,1,1,HIT,-
UART PASS TURN,P1
UART PASS INCOMING,6,7,MISS,-
UART PASS TURN,P2
UART PASS SHOT,1,2,SUNK,2
UART PASS END,P2,9,9,0,3
UART PASS NEW
UART PASS NEW
PASS tb_batalla_naval_system: dos partidas completas, MMIO, UART, GPIO, salidas, VGA y reset
- Integracion/tb/tb_batalla_naval_system.sv:228: Verilog $finish
