
/workspace/scratch/d41ccec3814c/integracion_proyecto3/Proyecto_03_Batalla_Naval-develop/Integracion/firmware/batalla_naval.elf:     file format elf32-littleriscv


Disassembly of section .text:

00000000 <_start>:
   0:	00003137          	lui	sp,0x3
   4:	ff010113          	addi	sp,sp,-16 # 2ff0 <TXBUF+0xbf0>
   8:	00002437          	lui	s0,0x2
   c:	20040413          	addi	s0,s0,512 # 2200 <STATE>
  10:	000104b7          	lui	s1,0x10
  14:	00011937          	lui	s2,0x11
  18:	02042a23          	sw	zero,52(s0)
  1c:	02042c23          	sw	zero,56(s0)
  20:	04042223          	sw	zero,68(s0)
  24:	04042423          	sw	zero,72(s0)
  28:	018000ef          	jal	ra,40 <new_game>

0000002c <main_loop>:
  2c:	118000ef          	jal	ra,144 <service_tx>
  30:	2f4000ef          	jal	ra,324 <service_sound>
  34:	364000ef          	jal	ra,398 <service_buttons>
  38:	4c0000ef          	jal	ra,4f8 <service_rx>
  3c:	ff1ff06f          	jal	zero,2c <main_loop>

00000040 <new_game>:
  40:	fd010113          	addi	sp,sp,-48
  44:	02112623          	sw	ra,44(sp)
  48:	03312423          	sw	s3,40(sp)
  4c:	03412223          	sw	s4,36(sp)
  50:	03512023          	sw	s5,32(sp)
  54:	01612e23          	sw	s6,28(sp)
  58:	01712c23          	sw	s7,24(sp)
  5c:	01812a23          	sw	s8,20(sp)
  60:	000022b7          	lui	t0,0x2
  64:	00002337          	lui	t1,0x2
  68:	20030313          	addi	t1,t1,512 # 2200 <STATE>

0000006c <ng_boards>:
  6c:	0002a023          	sw	zero,0(t0) # 2000 <msg_end+0x101e>
  70:	00428293          	addi	t0,t0,4
  74:	fe62ece3          	bltu	t0,t1,6c <ng_boards>
  78:	00000293          	addi	t0,zero,0

0000007c <ng_state>:
  7c:	00540333          	add	t1,s0,t0
  80:	00032023          	sw	zero,0(t1)
  84:	00428293          	addi	t0,t0,4
  88:	03400393          	addi	t2,zero,52
  8c:	fe72e8e3          	bltu	t0,t2,7c <ng_state>
  90:	02042e23          	sw	zero,60(s0)
  94:	04042023          	sw	zero,64(s0)
  98:	04042a23          	sw	zero,84(s0)
  9c:	04042c23          	sw	zero,88(s0)
  a0:	000022b7          	lui	t0,0x2
  a4:	28028293          	addi	t0,t0,640 # 2280 <STATE+0x80>
  a8:	00002337          	lui	t1,0x2
  ac:	30030313          	addi	t1,t1,768 # 2300 <RXBUF>

000000b0 <ng_scratch>:
  b0:	0002a023          	sw	zero,0(t0)
  b4:	00428293          	addi	t0,t0,4
  b8:	fe62ece3          	bltu	t0,t1,b0 <ng_scratch>
  bc:	01800293          	addi	t0,zero,24
  c0:	0454a023          	sw	t0,64(s1) # 10040 <TXBUF+0xdc40>
  c4:	000082b7          	lui	t0,0x8
  c8:	f0028293          	addi	t0,t0,-256 # 7f00 <TXBUF+0x5b00>
  cc:	1254a023          	sw	t0,288(s1)

000000d0 <ng_drain>:
  d0:	0404a283          	lw	t0,64(s1)
  d4:	0012f293          	andi	t0,t0,1
  d8:	00028863          	beq	t0,zero,e8 <ng_video>
  dc:	10000293          	addi	t0,zero,256
  e0:	0454a023          	sw	t0,64(s1)
  e4:	fedff06f          	jal	zero,d0 <ng_drain>

000000e8 <ng_video>:
  e8:	00000293          	addi	t0,zero,0
  ec:	12c00313          	addi	t1,zero,300
  f0:	00500393          	addi	t2,zero,5

000000f4 <ng_clear>:
  f4:	00229e13          	slli	t3,t0,0x2
  f8:	01c90e33          	add	t3,s2,t3
  fc:	007e2023          	sw	t2,0(t3)
 100:	00128293          	addi	t0,t0,1
 104:	fe62e8e3          	bltu	t0,t1,f4 <ng_clear>
 108:	1204ac23          	sw	zero,312(s1)
 10c:	260000ef          	jal	ra,36c <update_scores>
 110:	435000ef          	jal	ra,d44 <render>
 114:	00001517          	auipc	a0,0x1
 118:	e3050513          	addi	a0,a0,-464 # f44 <msg_new>
 11c:	0e4000ef          	jal	ra,200 <putstr>
 120:	02c12083          	lw	ra,44(sp)
 124:	02812983          	lw	s3,40(sp)
 128:	02412a03          	lw	s4,36(sp)
 12c:	02012a83          	lw	s5,32(sp)
 130:	01c12b03          	lw	s6,28(sp)
 134:	01812b83          	lw	s7,24(sp)
 138:	01412c03          	lw	s8,20(sp)
 13c:	03010113          	addi	sp,sp,48
 140:	00008067          	jalr	zero,0(ra)

00000144 <service_tx>:
 144:	04442283          	lw	t0,68(s0)
 148:	04842303          	lw	t1,72(s0)
 14c:	02628a63          	beq	t0,t1,180 <tx_done>
 150:	0404a383          	lw	t2,64(s1)
 154:	0023f393          	andi	t2,t2,2
 158:	02038463          	beq	t2,zero,180 <tx_done>
 15c:	00229393          	slli	t2,t0,0x2
 160:	00002e37          	lui	t3,0x2
 164:	400e0e13          	addi	t3,t3,1024 # 2400 <TXBUF>
 168:	01c383b3          	add	t2,t2,t3
 16c:	0003a383          	lw	t2,0(t2)
 170:	0474a223          	sw	t2,68(s1)
 174:	00128293          	addi	t0,t0,1
 178:	0ff2f293          	andi	t0,t0,255
 17c:	04542223          	sw	t0,68(s0)

00000180 <tx_done>:
 180:	00008067          	jalr	zero,0(ra)

00000184 <putc>:
 184:	fd010113          	addi	sp,sp,-48
 188:	02112623          	sw	ra,44(sp)
 18c:	03312423          	sw	s3,40(sp)
 190:	03412223          	sw	s4,36(sp)
 194:	03512023          	sw	s5,32(sp)
 198:	01612e23          	sw	s6,28(sp)
 19c:	01712c23          	sw	s7,24(sp)
 1a0:	01812a23          	sw	s8,20(sp)
 1a4:	00050993          	addi	s3,a0,0

000001a8 <pc_wait>:
 1a8:	04842283          	lw	t0,72(s0)
 1ac:	00128313          	addi	t1,t0,1
 1b0:	0ff37313          	andi	t1,t1,255
 1b4:	04442383          	lw	t2,68(s0)
 1b8:	00731663          	bne	t1,t2,1c4 <pc_store>
 1bc:	f89ff0ef          	jal	ra,144 <service_tx>
 1c0:	fe9ff06f          	jal	zero,1a8 <pc_wait>

000001c4 <pc_store>:
 1c4:	00229393          	slli	t2,t0,0x2
 1c8:	00002e37          	lui	t3,0x2
 1cc:	400e0e13          	addi	t3,t3,1024 # 2400 <TXBUF>
 1d0:	01c383b3          	add	t2,t2,t3
 1d4:	0133a023          	sw	s3,0(t2)
 1d8:	04642423          	sw	t1,72(s0)
 1dc:	02c12083          	lw	ra,44(sp)
 1e0:	02812983          	lw	s3,40(sp)
 1e4:	02412a03          	lw	s4,36(sp)
 1e8:	02012a83          	lw	s5,32(sp)
 1ec:	01c12b03          	lw	s6,28(sp)
 1f0:	01812b83          	lw	s7,24(sp)
 1f4:	01412c03          	lw	s8,20(sp)
 1f8:	03010113          	addi	sp,sp,48
 1fc:	00008067          	jalr	zero,0(ra)

00000200 <putstr>:
 200:	fd010113          	addi	sp,sp,-48
 204:	02112623          	sw	ra,44(sp)
 208:	03312423          	sw	s3,40(sp)
 20c:	03412223          	sw	s4,36(sp)
 210:	03512023          	sw	s5,32(sp)
 214:	01612e23          	sw	s6,28(sp)
 218:	01712c23          	sw	s7,24(sp)
 21c:	01812a23          	sw	s8,20(sp)
 220:	00050993          	addi	s3,a0,0

00000224 <ps_loop>:
 224:	ffc9f293          	andi	t0,s3,-4
 228:	0002a303          	lw	t1,0(t0)
 22c:	0039f293          	andi	t0,s3,3
 230:	00329293          	slli	t0,t0,0x3
 234:	00535533          	srl	a0,t1,t0
 238:	0ff57513          	andi	a0,a0,255
 23c:	00050863          	beq	a0,zero,24c <ps_done>
 240:	f45ff0ef          	jal	ra,184 <putc>
 244:	00198993          	addi	s3,s3,1
 248:	fddff06f          	jal	zero,224 <ps_loop>

0000024c <ps_done>:
 24c:	02c12083          	lw	ra,44(sp)
 250:	02812983          	lw	s3,40(sp)
 254:	02412a03          	lw	s4,36(sp)
 258:	02012a83          	lw	s5,32(sp)
 25c:	01c12b03          	lw	s6,28(sp)
 260:	01812b83          	lw	s7,24(sp)
 264:	01412c03          	lw	s8,20(sp)
 268:	03010113          	addi	sp,sp,48
 26c:	00008067          	jalr	zero,0(ra)

00000270 <comma>:
 270:	02c00513          	addi	a0,zero,44
 274:	f11ff06f          	jal	zero,184 <putc>

00000278 <newline>:
 278:	00a00513          	addi	a0,zero,10
 27c:	f09ff06f          	jal	zero,184 <putc>

00000280 <putnum>:
 280:	fd010113          	addi	sp,sp,-48
 284:	02112623          	sw	ra,44(sp)
 288:	03312423          	sw	s3,40(sp)
 28c:	03412223          	sw	s4,36(sp)
 290:	03512023          	sw	s5,32(sp)
 294:	01612e23          	sw	s6,28(sp)
 298:	01712c23          	sw	s7,24(sp)
 29c:	01812a23          	sw	s8,20(sp)
 2a0:	00050993          	addi	s3,a0,0
 2a4:	00000a13          	addi	s4,zero,0

000002a8 <pn_tens>:
 2a8:	00a00293          	addi	t0,zero,10
 2ac:	0059e863          	bltu	s3,t0,2bc <pn_digits>
 2b0:	ff698993          	addi	s3,s3,-10
 2b4:	001a0a13          	addi	s4,s4,1
 2b8:	ff1ff06f          	jal	zero,2a8 <pn_tens>

000002bc <pn_digits>:
 2bc:	000a0663          	beq	s4,zero,2c8 <pn_units>
 2c0:	030a0513          	addi	a0,s4,48
 2c4:	ec1ff0ef          	jal	ra,184 <putc>

000002c8 <pn_units>:
 2c8:	03098513          	addi	a0,s3,48
 2cc:	eb9ff0ef          	jal	ra,184 <putc>
 2d0:	02c12083          	lw	ra,44(sp)
 2d4:	02812983          	lw	s3,40(sp)
 2d8:	02412a03          	lw	s4,36(sp)
 2dc:	02012a83          	lw	s5,32(sp)
 2e0:	01c12b03          	lw	s6,28(sp)
 2e4:	01812b83          	lw	s7,24(sp)
 2e8:	01412c03          	lw	s8,20(sp)
 2ec:	03010113          	addi	sp,sp,48
 2f0:	00008067          	jalr	zero,0(ra)

000002f4 <queue_sound>:
 2f4:	05842283          	lw	t0,88(s0)
 2f8:	00128313          	addi	t1,t0,1
 2fc:	00737313          	andi	t1,t1,7
 300:	05442383          	lw	t2,84(s0)
 304:	00730e63          	beq	t1,t2,320 <qs_done>
 308:	00229393          	slli	t2,t0,0x2
 30c:	00002e37          	lui	t3,0x2
 310:	3c0e0e13          	addi	t3,t3,960 # 23c0 <SOUNDBUF>
 314:	01c383b3          	add	t2,t2,t3
 318:	00a3a023          	sw	a0,0(t2)
 31c:	04642c23          	sw	t1,88(s0)

00000320 <qs_done>:
 320:	00008067          	jalr	zero,0(ra)

00000324 <service_sound>:
 324:	05442283          	lw	t0,84(s0)
 328:	05842303          	lw	t1,88(s0)
 32c:	02628e63          	beq	t0,t1,368 <ss_done>
 330:	1404a383          	lw	t2,320(s1)
 334:	0013f393          	andi	t2,t2,1
 338:	02039863          	bne	t2,zero,368 <ss_done>
 33c:	00229393          	slli	t2,t0,0x2
 340:	00002e37          	lui	t3,0x2
 344:	3c0e0e13          	addi	t3,t3,960 # 23c0 <SOUNDBUF>
 348:	01c383b3          	add	t2,t2,t3
 34c:	0003a383          	lw	t2,0(t2)
 350:	00139393          	slli	t2,t2,0x1
 354:	0013e393          	ori	t2,t2,1
 358:	1474a023          	sw	t2,320(s1)
 35c:	00128293          	addi	t0,t0,1
 360:	0072f293          	andi	t0,t0,7
 364:	04542a23          	sw	t0,84(s0)

00000368 <ss_done>:
 368:	00008067          	jalr	zero,0(ra)

0000036c <update_scores>:
 36c:	03442283          	lw	t0,52(s0)
 370:	03842303          	lw	t1,56(s0)
 374:	06300393          	addi	t2,zero,99
 378:	0053f463          	bgeu	t2,t0,380 <us_j2>
 37c:	00038293          	addi	t0,t2,0

00000380 <us_j2>:
 380:	0063f463          	bgeu	t2,t1,388 <us_pack>
 384:	00038313          	addi	t1,t2,0

00000388 <us_pack>:
 388:	00831313          	slli	t1,t1,0x8
 38c:	0062e2b3          	or	t0,t0,t1
 390:	1254a823          	sw	t0,304(s1)
 394:	00008067          	jalr	zero,0(ra)

00000398 <service_buttons>:
 398:	fd010113          	addi	sp,sp,-48
 39c:	02112623          	sw	ra,44(sp)
 3a0:	03312423          	sw	s3,40(sp)
 3a4:	03412223          	sw	s4,36(sp)
 3a8:	03512023          	sw	s5,32(sp)
 3ac:	01612e23          	sw	s6,28(sp)
 3b0:	01712c23          	sw	s7,24(sp)
 3b4:	01812a23          	sw	s8,20(sp)
 3b8:	1204a283          	lw	t0,288(s1)
 3bc:	0082d993          	srli	s3,t0,0x8
 3c0:	07f9f993          	andi	s3,s3,127
 3c4:	10098863          	beq	s3,zero,4d4 <sb_done>
 3c8:	00899293          	slli	t0,s3,0x8
 3cc:	1254a023          	sw	t0,288(s1)
 3d0:	0409f293          	andi	t0,s3,64
 3d4:	00028663          	beq	t0,zero,3e0 <sb_actions>
 3d8:	c69ff0ef          	jal	ra,40 <new_game>
 3dc:	0f80006f          	jal	zero,4d4 <sb_done>

000003e0 <sb_actions>:
 3e0:	00042283          	lw	t0,0(s0)
 3e4:	00200313          	addi	t1,zero,2
 3e8:	0e628663          	beq	t0,t1,4d4 <sb_done>
 3ec:	00842a03          	lw	s4,8(s0)
 3f0:	00c42a83          	lw	s5,12(s0)
 3f4:	0019f293          	andi	t0,s3,1
 3f8:	00028663          	beq	t0,zero,404 <sb_down>
 3fc:	000a0463          	beq	s4,zero,404 <sb_down>
 400:	fffa0a13          	addi	s4,s4,-1

00000404 <sb_down>:
 404:	0029f293          	andi	t0,s3,2
 408:	00028863          	beq	t0,zero,418 <sb_left>
 40c:	00700313          	addi	t1,zero,7
 410:	006a0463          	beq	s4,t1,418 <sb_left>
 414:	001a0a13          	addi	s4,s4,1

00000418 <sb_left>:
 418:	0049f293          	andi	t0,s3,4
 41c:	00028663          	beq	t0,zero,428 <sb_right>
 420:	000a8463          	beq	s5,zero,428 <sb_right>
 424:	fffa8a93          	addi	s5,s5,-1

00000428 <sb_right>:
 428:	0089f293          	andi	t0,s3,8
 42c:	00028863          	beq	t0,zero,43c <sb_save>
 430:	00700313          	addi	t1,zero,7
 434:	006a8463          	beq	s5,t1,43c <sb_save>
 438:	001a8a93          	addi	s5,s5,1

0000043c <sb_save>:
 43c:	01442423          	sw	s4,8(s0)
 440:	01542623          	sw	s5,12(s0)
 444:	00042283          	lw	t0,0(s0)
 448:	00029c63          	bne	t0,zero,460 <sb_ok>
 44c:	0109f293          	andi	t0,s3,16
 450:	00028863          	beq	t0,zero,460 <sb_ok>
 454:	01042283          	lw	t0,16(s0)
 458:	0012c293          	xori	t0,t0,1
 45c:	00542823          	sw	t0,16(s0)

00000460 <sb_ok>:
 460:	0209f293          	andi	t0,s3,32
 464:	06028663          	beq	t0,zero,4d0 <sb_render>
 468:	00002b37          	lui	s6,0x2
 46c:	2c0b0b13          	addi	s6,s6,704 # 22c0 <CMD>
 470:	000b2c23          	sw	zero,24(s6)
 474:	014b2223          	sw	s4,4(s6)
 478:	015b2423          	sw	s5,8(s6)
 47c:	00042283          	lw	t0,0(s0)
 480:	02029c63          	bne	t0,zero,4b8 <sb_fire>
 484:	01442283          	lw	t0,20(s0)
 488:	00300313          	addi	t1,zero,3
 48c:	04628263          	beq	t0,t1,4d0 <sb_render>
 490:	005b2023          	sw	t0,0(s6)
 494:	01042283          	lw	t0,16(s0)
 498:	005b2623          	sw	t0,12(s6)
 49c:	3ac000ef          	jal	ra,848 <place_ship>
 4a0:	00050863          	beq	a0,zero,4b0 <sb_start>
 4a4:	00400513          	addi	a0,zero,4
 4a8:	e4dff0ef          	jal	ra,2f4 <queue_sound>
 4ac:	0240006f          	jal	zero,4d0 <sb_render>

000004b0 <sb_start>:
 4b0:	494000ef          	jal	ra,944 <check_start>
 4b4:	01c0006f          	jal	zero,4d0 <sb_render>

000004b8 <sb_fire>:
 4b8:	00442283          	lw	t0,4(s0)
 4bc:	00029a63          	bne	t0,zero,4d0 <sb_render>
 4c0:	50c000ef          	jal	ra,9cc <fire_shot>
 4c4:	00050663          	beq	a0,zero,4d0 <sb_render>
 4c8:	00400513          	addi	a0,zero,4
 4cc:	e29ff0ef          	jal	ra,2f4 <queue_sound>

000004d0 <sb_render>:
 4d0:	075000ef          	jal	ra,d44 <render>

000004d4 <sb_done>:
 4d4:	02c12083          	lw	ra,44(sp)
 4d8:	02812983          	lw	s3,40(sp)
 4dc:	02412a03          	lw	s4,36(sp)
 4e0:	02012a83          	lw	s5,32(sp)
 4e4:	01c12b03          	lw	s6,28(sp)
 4e8:	01812b83          	lw	s7,24(sp)
 4ec:	01412c03          	lw	s8,20(sp)
 4f0:	03010113          	addi	sp,sp,48
 4f4:	00008067          	jalr	zero,0(ra)

000004f8 <service_rx>:
 4f8:	fd010113          	addi	sp,sp,-48
 4fc:	02112623          	sw	ra,44(sp)
 500:	03312423          	sw	s3,40(sp)
 504:	03412223          	sw	s4,36(sp)
 508:	03512023          	sw	s5,32(sp)
 50c:	01612e23          	sw	s6,28(sp)
 510:	01712c23          	sw	s7,24(sp)
 514:	01812a23          	sw	s8,20(sp)
 518:	0404a283          	lw	t0,64(s1)
 51c:	0082f313          	andi	t1,t0,8
 520:	00030a63          	beq	t1,zero,534 <sr_avail>
 524:	00800313          	addi	t1,zero,8
 528:	0464a023          	sw	t1,64(s1)
 52c:	00100313          	addi	t1,zero,1
 530:	04642023          	sw	t1,64(s0)

00000534 <sr_avail>:
 534:	0012f293          	andi	t0,t0,1
 538:	08028a63          	beq	t0,zero,5cc <sr_done>
 53c:	0484a983          	lw	s3,72(s1)
 540:	10000293          	addi	t0,zero,256
 544:	0454a023          	sw	t0,64(s1)
 548:	00d00293          	addi	t0,zero,13
 54c:	08598063          	beq	s3,t0,5cc <sr_done>
 550:	00a00293          	addi	t0,zero,10
 554:	04598a63          	beq	s3,t0,5a8 <sr_line>
 558:	04042283          	lw	t0,64(s0)
 55c:	06029863          	bne	t0,zero,5cc <sr_done>
 560:	02000293          	addi	t0,zero,32
 564:	0259ec63          	bltu	s3,t0,59c <sr_bad>
 568:	07f00293          	addi	t0,zero,127
 56c:	0259f863          	bgeu	s3,t0,59c <sr_bad>
 570:	03c42283          	lw	t0,60(s0)
 574:	01f00313          	addi	t1,zero,31
 578:	0262f263          	bgeu	t0,t1,59c <sr_bad>
 57c:	00229313          	slli	t1,t0,0x2
 580:	000023b7          	lui	t2,0x2
 584:	30038393          	addi	t2,t2,768 # 2300 <RXBUF>
 588:	00730333          	add	t1,t1,t2
 58c:	01332023          	sw	s3,0(t1)
 590:	00128293          	addi	t0,t0,1
 594:	02542e23          	sw	t0,60(s0)
 598:	0340006f          	jal	zero,5cc <sr_done>

0000059c <sr_bad>:
 59c:	00100293          	addi	t0,zero,1
 5a0:	04542023          	sw	t0,64(s0)
 5a4:	0280006f          	jal	zero,5cc <sr_done>

000005a8 <sr_line>:
 5a8:	04042283          	lw	t0,64(s0)
 5ac:	00029663          	bne	t0,zero,5b8 <sr_error>
 5b0:	06c000ef          	jal	ra,61c <parse_command>
 5b4:	0100006f          	jal	zero,5c4 <sr_clear>

000005b8 <sr_error>:
 5b8:	00001517          	auipc	a0,0x1
 5bc:	99150513          	addi	a0,a0,-1647 # f49 <msg_bad>
 5c0:	c41ff0ef          	jal	ra,200 <putstr>

000005c4 <sr_clear>:
 5c4:	02042e23          	sw	zero,60(s0)
 5c8:	04042023          	sw	zero,64(s0)

000005cc <sr_done>:
 5cc:	02c12083          	lw	ra,44(sp)
 5d0:	02812983          	lw	s3,40(sp)
 5d4:	02412a03          	lw	s4,36(sp)
 5d8:	02012a83          	lw	s5,32(sp)
 5dc:	01c12b03          	lw	s6,28(sp)
 5e0:	01812b83          	lw	s7,24(sp)
 5e4:	01412c03          	lw	s8,20(sp)
 5e8:	03010113          	addi	sp,sp,48
 5ec:	00008067          	jalr	zero,0(ra)

000005f0 <match_prefix>:
 5f0:	0005a283          	lw	t0,0(a1)
 5f4:	00028c63          	beq	t0,zero,60c <mp_ok>
 5f8:	00052303          	lw	t1,0(a0)
 5fc:	00629c63          	bne	t0,t1,614 <mp_bad>
 600:	00450513          	addi	a0,a0,4
 604:	00458593          	addi	a1,a1,4
 608:	fe9ff06f          	jal	zero,5f0 <match_prefix>

0000060c <mp_ok>:
 60c:	00100513          	addi	a0,zero,1
 610:	00008067          	jalr	zero,0(ra)

00000614 <mp_bad>:
 614:	00000513          	addi	a0,zero,0
 618:	00008067          	jalr	zero,0(ra)

0000061c <parse_command>:
 61c:	fd010113          	addi	sp,sp,-48
 620:	02112623          	sw	ra,44(sp)
 624:	03312423          	sw	s3,40(sp)
 628:	03412223          	sw	s4,36(sp)
 62c:	03512023          	sw	s5,32(sp)
 630:	01612e23          	sw	s6,28(sp)
 634:	01712c23          	sw	s7,24(sp)
 638:	01812a23          	sw	s8,20(sp)
 63c:	000029b7          	lui	s3,0x2
 640:	30098993          	addi	s3,s3,768 # 2300 <RXBUF>
 644:	00002a37          	lui	s4,0x2
 648:	2c0a0a13          	addi	s4,s4,704 # 22c0 <CMD>
 64c:	00100293          	addi	t0,zero,1
 650:	005a2c23          	sw	t0,24(s4)
 654:	03c42283          	lw	t0,60(s0)
 658:	00d00313          	addi	t1,zero,13
 65c:	00628863          	beq	t0,t1,66c <parse_place>
 660:	00800313          	addi	t1,zero,8
 664:	12628463          	beq	t0,t1,78c <parse_fire>
 668:	1a80006f          	jal	zero,810 <parse_bad>

0000066c <parse_place>:
 66c:	00098513          	addi	a0,s3,0
 670:	00001597          	auipc	a1,0x1
 674:	8a058593          	addi	a1,a1,-1888 # f10 <prefix_place>
 678:	f79ff0ef          	jal	ra,5f0 <match_prefix>
 67c:	18050a63          	beq	a0,zero,810 <parse_bad>
 680:	01c9a283          	lw	t0,28(s3)
 684:	0249a303          	lw	t1,36(s3)
 688:	02c9a383          	lw	t2,44(s3)
 68c:	02c00e13          	addi	t3,zero,44
 690:	19c29063          	bne	t0,t3,810 <parse_bad>
 694:	17c31e63          	bne	t1,t3,810 <parse_bad>
 698:	17c39c63          	bne	t2,t3,810 <parse_bad>
 69c:	0189a283          	lw	t0,24(s3)
 6a0:	fd028293          	addi	t0,t0,-48
 6a4:	00300313          	addi	t1,zero,3
 6a8:	1662f463          	bgeu	t0,t1,810 <parse_bad>
 6ac:	005a2023          	sw	t0,0(s4)
 6b0:	0209a283          	lw	t0,32(s3)
 6b4:	fd028293          	addi	t0,t0,-48
 6b8:	00a00313          	addi	t1,zero,10
 6bc:	1462fa63          	bgeu	t0,t1,810 <parse_bad>
 6c0:	005a2223          	sw	t0,4(s4)
 6c4:	0289a283          	lw	t0,40(s3)
 6c8:	fd028293          	addi	t0,t0,-48
 6cc:	1462f263          	bgeu	t0,t1,810 <parse_bad>
 6d0:	005a2423          	sw	t0,8(s4)
 6d4:	0309a283          	lw	t0,48(s3)
 6d8:	04800313          	addi	t1,zero,72
 6dc:	00628a63          	beq	t0,t1,6f0 <parse_h>
 6e0:	05600313          	addi	t1,zero,86
 6e4:	02629063          	bne	t0,t1,704 <parse_place_invalid>
 6e8:	00100293          	addi	t0,zero,1
 6ec:	0080006f          	jal	zero,6f4 <parse_orient>

000006f0 <parse_h>:
 6f0:	00000293          	addi	t0,zero,0

000006f4 <parse_orient>:
 6f4:	005a2623          	sw	t0,12(s4)
 6f8:	150000ef          	jal	ra,848 <place_ship>
 6fc:	00aa2823          	sw	a0,16(s4)
 700:	00c0006f          	jal	zero,70c <place_reply>

00000704 <parse_place_invalid>:
 704:	00300293          	addi	t0,zero,3
 708:	005a2823          	sw	t0,16(s4)

0000070c <place_reply>:
 70c:	00001517          	auipc	a0,0x1
 710:	84e50513          	addi	a0,a0,-1970 # f5a <msg_place>
 714:	aedff0ef          	jal	ra,200 <putstr>
 718:	000a2503          	lw	a0,0(s4)
 71c:	b65ff0ef          	jal	ra,280 <putnum>
 720:	010a2283          	lw	t0,16(s4)
 724:	04028a63          	beq	t0,zero,778 <place_ok>
 728:	00001517          	auipc	a0,0x1
 72c:	83950513          	addi	a0,a0,-1991 # f61 <msg_reject>
 730:	ad1ff0ef          	jal	ra,200 <putstr>
 734:	010a2283          	lw	t0,16(s4)
 738:	00100313          	addi	t1,zero,1
 73c:	00628c63          	beq	t0,t1,754 <place_bounds>
 740:	00200313          	addi	t1,zero,2
 744:	00628e63          	beq	t0,t1,760 <place_overlap>
 748:	00001517          	auipc	a0,0x1
 74c:	83f50513          	addi	a0,a0,-1985 # f87 <msg_invalid>
 750:	0180006f          	jal	zero,768 <place_reason>

00000754 <place_bounds>:
 754:	00001517          	auipc	a0,0x1
 758:	81b50513          	addi	a0,a0,-2021 # f6f <msg_bounds>
 75c:	00c0006f          	jal	zero,768 <place_reason>

00000760 <place_overlap>:
 760:	00001517          	auipc	a0,0x1
 764:	81e50513          	addi	a0,a0,-2018 # f7e <msg_overlap>

00000768 <place_reason>:
 768:	a99ff0ef          	jal	ra,200 <putstr>
 76c:	00400513          	addi	a0,zero,4
 770:	b85ff0ef          	jal	ra,2f4 <queue_sound>
 774:	0ac0006f          	jal	zero,820 <parse_render>

00000778 <place_ok>:
 778:	00000517          	auipc	a0,0x0
 77c:	7f250513          	addi	a0,a0,2034 # f6a <msg_ok>
 780:	a81ff0ef          	jal	ra,200 <putstr>
 784:	1c0000ef          	jal	ra,944 <check_start>
 788:	0980006f          	jal	zero,820 <parse_render>

0000078c <parse_fire>:
 78c:	00098513          	addi	a0,s3,0
 790:	00000597          	auipc	a1,0x0
 794:	79c58593          	addi	a1,a1,1948 # f2c <prefix_fire>
 798:	e59ff0ef          	jal	ra,5f0 <match_prefix>
 79c:	06050a63          	beq	a0,zero,810 <parse_bad>
 7a0:	0189a283          	lw	t0,24(s3)
 7a4:	02c00313          	addi	t1,zero,44
 7a8:	06629463          	bne	t0,t1,810 <parse_bad>
 7ac:	0149a283          	lw	t0,20(s3)
 7b0:	fd028293          	addi	t0,t0,-48
 7b4:	00800313          	addi	t1,zero,8
 7b8:	0462fc63          	bgeu	t0,t1,810 <parse_bad>
 7bc:	005a2223          	sw	t0,4(s4)
 7c0:	01c9a283          	lw	t0,28(s3)
 7c4:	fd028293          	addi	t0,t0,-48
 7c8:	0462f463          	bgeu	t0,t1,810 <parse_bad>
 7cc:	005a2423          	sw	t0,8(s4)
 7d0:	1fc000ef          	jal	ra,9cc <fire_shot>
 7d4:	04050663          	beq	a0,zero,820 <parse_render>
 7d8:	00050a93          	addi	s5,a0,0
 7dc:	00000517          	auipc	a0,0x0
 7e0:	7d250513          	addi	a0,a0,2002 # fae <msg_shot_reject>
 7e4:	a1dff0ef          	jal	ra,200 <putstr>
 7e8:	4f8000ef          	jal	ra,ce0 <emit_coords>
 7ec:	00100293          	addi	t0,zero,1
 7f0:	005a8863          	beq	s5,t0,800 <fire_repeat>
 7f4:	00000517          	auipc	a0,0x0
 7f8:	7cf50513          	addi	a0,a0,1999 # fc3 <msg_not_turn>
 7fc:	00c0006f          	jal	zero,808 <fire_reason>

00000800 <fire_repeat>:
 800:	00000517          	auipc	a0,0x0
 804:	7bb50513          	addi	a0,a0,1979 # fbb <msg_repeat>

00000808 <fire_reason>:
 808:	9f9ff0ef          	jal	ra,200 <putstr>
 80c:	0140006f          	jal	zero,820 <parse_render>

00000810 <parse_bad>:
 810:	00000517          	auipc	a0,0x0
 814:	73950513          	addi	a0,a0,1849 # f49 <msg_bad>
 818:	9e9ff0ef          	jal	ra,200 <putstr>
 81c:	0080006f          	jal	zero,824 <parse_done>

00000820 <parse_render>:
 820:	524000ef          	jal	ra,d44 <render>

00000824 <parse_done>:
 824:	02c12083          	lw	ra,44(sp)
 828:	02812983          	lw	s3,40(sp)
 82c:	02412a03          	lw	s4,36(sp)
 830:	02012a83          	lw	s5,32(sp)
 834:	01c12b03          	lw	s6,28(sp)
 838:	01812b83          	lw	s7,24(sp)
 83c:	01412c03          	lw	s8,20(sp)
 840:	03010113          	addi	sp,sp,48
 844:	00008067          	jalr	zero,0(ra)

00000848 <place_ship>:
 848:	000022b7          	lui	t0,0x2
 84c:	2c028293          	addi	t0,t0,704 # 22c0 <CMD>
 850:	00042303          	lw	t1,0(s0)
 854:	0e031463          	bne	t1,zero,93c <pl_invalid>
 858:	0182a303          	lw	t1,24(t0)
 85c:	00231313          	slli	t1,t1,0x2
 860:	006403b3          	add	t2,s0,t1
 864:	0143a383          	lw	t2,20(t2)
 868:	0002ae03          	lw	t3,0(t0)
 86c:	0dc39863          	bne	t2,t3,93c <pl_invalid>
 870:	00300393          	addi	t2,zero,3
 874:	0c7e7463          	bgeu	t3,t2,93c <pl_invalid>
 878:	00400393          	addi	t2,zero,4
 87c:	41c383b3          	sub	t2,t2,t3
 880:	0042ae03          	lw	t3,4(t0)
 884:	0082ae83          	lw	t4,8(t0)
 888:	00800f13          	addi	t5,zero,8
 88c:	0bee7063          	bgeu	t3,t5,92c <pl_bounds>
 890:	09eefe63          	bgeu	t4,t5,92c <pl_bounds>
 894:	00c2af83          	lw	t6,12(t0)
 898:	00200513          	addi	a0,zero,2
 89c:	0aaff063          	bgeu	t6,a0,93c <pl_invalid>
 8a0:	000f8863          	beq	t6,zero,8b0 <pl_horiz>
 8a4:	007e0533          	add	a0,t3,t2
 8a8:	02000593          	addi	a1,zero,32
 8ac:	00c0006f          	jal	zero,8b8 <pl_extent>

000008b0 <pl_horiz>:
 8b0:	007e8533          	add	a0,t4,t2
 8b4:	00400593          	addi	a1,zero,4

000008b8 <pl_extent>:
 8b8:	06af6a63          	bltu	t5,a0,92c <pl_bounds>
 8bc:	003e1e13          	slli	t3,t3,0x3
 8c0:	01de0e33          	add	t3,t3,t4
 8c4:	002e1e13          	slli	t3,t3,0x2
 8c8:	00631313          	slli	t1,t1,0x6
 8cc:	00002eb7          	lui	t4,0x2
 8d0:	006e8eb3          	add	t4,t4,t1
 8d4:	01ce8eb3          	add	t4,t4,t3
 8d8:	000e8613          	addi	a2,t4,0 # 2000 <msg_end+0x101e>
 8dc:	00038693          	addi	a3,t2,0

000008e0 <pl_validate>:
 8e0:	00062503          	lw	a0,0(a2)
 8e4:	04051863          	bne	a0,zero,934 <pl_overlap>
 8e8:	00b60633          	add	a2,a2,a1
 8ec:	fff68693          	addi	a3,a3,-1
 8f0:	fe0698e3          	bne	a3,zero,8e0 <pl_validate>
 8f4:	0002a503          	lw	a0,0(t0)
 8f8:	00150513          	addi	a0,a0,1

000008fc <pl_write>:
 8fc:	00aea023          	sw	a0,0(t4)
 900:	00be8eb3          	add	t4,t4,a1
 904:	fff38393          	addi	t2,t2,-1
 908:	fe039ae3          	bne	t2,zero,8fc <pl_write>
 90c:	0182a303          	lw	t1,24(t0)
 910:	00231313          	slli	t1,t1,0x2
 914:	00640333          	add	t1,s0,t1
 918:	01432383          	lw	t2,20(t1)
 91c:	00138393          	addi	t2,t2,1
 920:	00732a23          	sw	t2,20(t1)
 924:	00000513          	addi	a0,zero,0
 928:	00008067          	jalr	zero,0(ra)

0000092c <pl_bounds>:
 92c:	00100513          	addi	a0,zero,1
 930:	00008067          	jalr	zero,0(ra)

00000934 <pl_overlap>:
 934:	00200513          	addi	a0,zero,2
 938:	00008067          	jalr	zero,0(ra)

0000093c <pl_invalid>:
 93c:	00300513          	addi	a0,zero,3
 940:	00008067          	jalr	zero,0(ra)

00000944 <check_start>:
 944:	fd010113          	addi	sp,sp,-48
 948:	02112623          	sw	ra,44(sp)
 94c:	03312423          	sw	s3,40(sp)
 950:	03412223          	sw	s4,36(sp)
 954:	03512023          	sw	s5,32(sp)
 958:	01612e23          	sw	s6,28(sp)
 95c:	01712c23          	sw	s7,24(sp)
 960:	01812a23          	sw	s8,20(sp)
 964:	00042283          	lw	t0,0(s0)
 968:	04029063          	bne	t0,zero,9a8 <cs_done>
 96c:	01442283          	lw	t0,20(s0)
 970:	01842303          	lw	t1,24(s0)
 974:	00300393          	addi	t2,zero,3
 978:	02729863          	bne	t0,t2,9a8 <cs_done>
 97c:	02731663          	bne	t1,t2,9a8 <cs_done>
 980:	00100293          	addi	t0,zero,1
 984:	00542023          	sw	t0,0(s0)
 988:	00042223          	sw	zero,4(s0)
 98c:	00042423          	sw	zero,8(s0)
 990:	00042623          	sw	zero,12(s0)
 994:	1254ac23          	sw	t0,312(s1)
 998:	00000517          	auipc	a0,0x0
 99c:	5f850513          	addi	a0,a0,1528 # f90 <msg_battle>
 9a0:	861ff0ef          	jal	ra,200 <putstr>
 9a4:	2e0000ef          	jal	ra,c84 <emit_turn>

000009a8 <cs_done>:
 9a8:	02c12083          	lw	ra,44(sp)
 9ac:	02812983          	lw	s3,40(sp)
 9b0:	02412a03          	lw	s4,36(sp)
 9b4:	02012a83          	lw	s5,32(sp)
 9b8:	01c12b03          	lw	s6,28(sp)
 9bc:	01812b83          	lw	s7,24(sp)
 9c0:	01412c03          	lw	s8,20(sp)
 9c4:	03010113          	addi	sp,sp,48
 9c8:	00008067          	jalr	zero,0(ra)

000009cc <fire_shot>:
 9cc:	fd010113          	addi	sp,sp,-48
 9d0:	02112623          	sw	ra,44(sp)
 9d4:	03312423          	sw	s3,40(sp)
 9d8:	03412223          	sw	s4,36(sp)
 9dc:	03512023          	sw	s5,32(sp)
 9e0:	01612e23          	sw	s6,28(sp)
 9e4:	01712c23          	sw	s7,24(sp)
 9e8:	01812a23          	sw	s8,20(sp)
 9ec:	000029b7          	lui	s3,0x2
 9f0:	2c098993          	addi	s3,s3,704 # 22c0 <CMD>
 9f4:	00042283          	lw	t0,0(s0)
 9f8:	00100313          	addi	t1,zero,1
 9fc:	20629463          	bne	t0,t1,c04 <fs_not_turn>
 a00:	0189aa03          	lw	s4,24(s3)
 a04:	00442283          	lw	t0,4(s0)
 a08:	1f429e63          	bne	t0,s4,c04 <fs_not_turn>
 a0c:	0049a283          	lw	t0,4(s3)
 a10:	0089a303          	lw	t1,8(s3)
 a14:	00800393          	addi	t2,zero,8
 a18:	1e72f663          	bgeu	t0,t2,c04 <fs_not_turn>
 a1c:	1e737463          	bgeu	t1,t2,c04 <fs_not_turn>
 a20:	00329293          	slli	t0,t0,0x3
 a24:	006282b3          	add	t0,t0,t1
 a28:	00229293          	slli	t0,t0,0x2
 a2c:	001a4313          	xori	t1,s4,1
 a30:	00831313          	slli	t1,t1,0x8
 a34:	000023b7          	lui	t2,0x2
 a38:	00730333          	add	t1,t1,t2
 a3c:	00530ab3          	add	s5,t1,t0
 a40:	000aab03          	lw	s6,0(s5)
 a44:	100b7293          	andi	t0,s6,256
 a48:	1a029a63          	bne	t0,zero,bfc <fs_repeat>
 a4c:	100b6293          	ori	t0,s6,256
 a50:	005aa023          	sw	t0,0(s5)
 a54:	002a1b93          	slli	s7,s4,0x2
 a58:	01740bb3          	add	s7,s0,s7
 a5c:	01cba283          	lw	t0,28(s7)
 a60:	00128293          	addi	t0,t0,1
 a64:	005bae23          	sw	t0,28(s7)
 a68:	003b7b13          	andi	s6,s6,3
 a6c:	0009a823          	sw	zero,16(s3)
 a70:	fff00293          	addi	t0,zero,-1
 a74:	0059a023          	sw	t0,0(s3)
 a78:	060b0463          	beq	s6,zero,ae0 <fs_report>
 a7c:	fffb0b13          	addi	s6,s6,-1
 a80:	0169a023          	sw	s6,0(s3)
 a84:	00100293          	addi	t0,zero,1
 a88:	0059a823          	sw	t0,16(s3)
 a8c:	02cba283          	lw	t0,44(s7)
 a90:	00128293          	addi	t0,t0,1
 a94:	025ba623          	sw	t0,44(s7)
 a98:	001a4293          	xori	t0,s4,1
 a9c:	00429293          	slli	t0,t0,0x4
 aa0:	00002337          	lui	t1,0x2
 aa4:	28030313          	addi	t1,t1,640 # 2280 <STATE+0x80>
 aa8:	006282b3          	add	t0,t0,t1
 aac:	002b1313          	slli	t1,s6,0x2
 ab0:	006282b3          	add	t0,t0,t1
 ab4:	0002a303          	lw	t1,0(t0)
 ab8:	00130313          	addi	t1,t1,1
 abc:	0062a023          	sw	t1,0(t0)
 ac0:	00400393          	addi	t2,zero,4
 ac4:	416383b3          	sub	t2,t2,s6
 ac8:	00731c63          	bne	t1,t2,ae0 <fs_report>
 acc:	00200293          	addi	t0,zero,2
 ad0:	0059a823          	sw	t0,16(s3)
 ad4:	024ba283          	lw	t0,36(s7)
 ad8:	00128293          	addi	t0,t0,1
 adc:	025ba223          	sw	t0,36(s7)

00000ae0 <fs_report>:
 ae0:	000a0863          	beq	s4,zero,af0 <fs_incoming>
 ae4:	00000517          	auipc	a0,0x0
 ae8:	4ba50513          	addi	a0,a0,1210 # f9e <msg_shot>
 aec:	00c0006f          	jal	zero,af8 <fs_prefix>

00000af0 <fs_incoming>:
 af0:	00000517          	auipc	a0,0x0
 af4:	4b450513          	addi	a0,a0,1204 # fa4 <msg_incoming>

00000af8 <fs_prefix>:
 af8:	f08ff0ef          	jal	ra,200 <putstr>
 afc:	1e4000ef          	jal	ra,ce0 <emit_coords>
 b00:	0109a283          	lw	t0,16(s3)
 b04:	02028463          	beq	t0,zero,b2c <fs_miss_msg>
 b08:	00100313          	addi	t1,zero,1
 b0c:	02628863          	beq	t0,t1,b3c <fs_hit_msg>
 b10:	00000517          	auipc	a0,0x0
 b14:	4cc50513          	addi	a0,a0,1228 # fdc <msg_sunk>
 b18:	ee8ff0ef          	jal	ra,200 <putstr>
 b1c:	0009a503          	lw	a0,0(s3)
 b20:	f60ff0ef          	jal	ra,280 <putnum>
 b24:	f54ff0ef          	jal	ra,278 <newline>
 b28:	0200006f          	jal	zero,b48 <fs_after_msg>

00000b2c <fs_miss_msg>:
 b2c:	00000517          	auipc	a0,0x0
 b30:	4a850513          	addi	a0,a0,1192 # fd4 <msg_miss>
 b34:	eccff0ef          	jal	ra,200 <putstr>
 b38:	0100006f          	jal	zero,b48 <fs_after_msg>

00000b3c <fs_hit_msg>:
 b3c:	00000517          	auipc	a0,0x0
 b40:	49150513          	addi	a0,a0,1169 # fcd <msg_hit>
 b44:	ebcff0ef          	jal	ra,200 <putstr>

00000b48 <fs_after_msg>:
 b48:	02cba283          	lw	t0,44(s7)
 b4c:	00900313          	addi	t1,zero,9
 b50:	02628c63          	beq	t0,t1,b88 <fs_win>
 b54:	0109a283          	lw	t0,16(s3)
 b58:	00200513          	addi	a0,zero,2
 b5c:	00028a63          	beq	t0,zero,b70 <fs_sound>
 b60:	00100513          	addi	a0,zero,1
 b64:	00100313          	addi	t1,zero,1
 b68:	00628463          	beq	t0,t1,b70 <fs_sound>
 b6c:	00300513          	addi	a0,zero,3

00000b70 <fs_sound>:
 b70:	f84ff0ef          	jal	ra,2f4 <queue_sound>
 b74:	001a4293          	xori	t0,s4,1
 b78:	00542223          	sw	t0,4(s0)
 b7c:	108000ef          	jal	ra,c84 <emit_turn>
 b80:	00000513          	addi	a0,zero,0
 b84:	0840006f          	jal	zero,c08 <fs_exit>

00000b88 <fs_win>:
 b88:	00200293          	addi	t0,zero,2
 b8c:	00542023          	sw	t0,0(s0)
 b90:	1254ac23          	sw	t0,312(s1)
 b94:	034ba283          	lw	t0,52(s7)
 b98:	00128293          	addi	t0,t0,1
 b9c:	025baa23          	sw	t0,52(s7)

00000ba0 <fs_score>:
 ba0:	fccff0ef          	jal	ra,36c <update_scores>
 ba4:	00500513          	addi	a0,zero,5
 ba8:	f4cff0ef          	jal	ra,2f4 <queue_sound>
 bac:	00000517          	auipc	a0,0x0
 bb0:	43650513          	addi	a0,a0,1078 # fe2 <msg_end>
 bb4:	e4cff0ef          	jal	ra,200 <putstr>
 bb8:	000a0513          	addi	a0,s4,0
 bbc:	070000ef          	jal	ra,c2c <emit_player>
 bc0:	eb0ff0ef          	jal	ra,270 <comma>
 bc4:	01c42503          	lw	a0,28(s0)
 bc8:	eb8ff0ef          	jal	ra,280 <putnum>
 bcc:	ea4ff0ef          	jal	ra,270 <comma>
 bd0:	02042503          	lw	a0,32(s0)
 bd4:	eacff0ef          	jal	ra,280 <putnum>
 bd8:	e98ff0ef          	jal	ra,270 <comma>
 bdc:	02442503          	lw	a0,36(s0)
 be0:	ea0ff0ef          	jal	ra,280 <putnum>
 be4:	e8cff0ef          	jal	ra,270 <comma>
 be8:	02842503          	lw	a0,40(s0)
 bec:	e94ff0ef          	jal	ra,280 <putnum>
 bf0:	e88ff0ef          	jal	ra,278 <newline>
 bf4:	00000513          	addi	a0,zero,0
 bf8:	0100006f          	jal	zero,c08 <fs_exit>

00000bfc <fs_repeat>:
 bfc:	00100513          	addi	a0,zero,1
 c00:	0080006f          	jal	zero,c08 <fs_exit>

00000c04 <fs_not_turn>:
 c04:	00200513          	addi	a0,zero,2

00000c08 <fs_exit>:
 c08:	02c12083          	lw	ra,44(sp)
 c0c:	02812983          	lw	s3,40(sp)
 c10:	02412a03          	lw	s4,36(sp)
 c14:	02012a83          	lw	s5,32(sp)
 c18:	01c12b03          	lw	s6,28(sp)
 c1c:	01812b83          	lw	s7,24(sp)
 c20:	01412c03          	lw	s8,20(sp)
 c24:	03010113          	addi	sp,sp,48
 c28:	00008067          	jalr	zero,0(ra)

00000c2c <emit_player>:
 c2c:	fd010113          	addi	sp,sp,-48
 c30:	02112623          	sw	ra,44(sp)
 c34:	03312423          	sw	s3,40(sp)
 c38:	03412223          	sw	s4,36(sp)
 c3c:	03512023          	sw	s5,32(sp)
 c40:	01612e23          	sw	s6,28(sp)
 c44:	01712c23          	sw	s7,24(sp)
 c48:	01812a23          	sw	s8,20(sp)
 c4c:	00050993          	addi	s3,a0,0
 c50:	05000513          	addi	a0,zero,80
 c54:	d30ff0ef          	jal	ra,184 <putc>
 c58:	03198513          	addi	a0,s3,49
 c5c:	d28ff0ef          	jal	ra,184 <putc>
 c60:	02c12083          	lw	ra,44(sp)
 c64:	02812983          	lw	s3,40(sp)
 c68:	02412a03          	lw	s4,36(sp)
 c6c:	02012a83          	lw	s5,32(sp)
 c70:	01c12b03          	lw	s6,28(sp)
 c74:	01812b83          	lw	s7,24(sp)
 c78:	01412c03          	lw	s8,20(sp)
 c7c:	03010113          	addi	sp,sp,48
 c80:	00008067          	jalr	zero,0(ra)

00000c84 <emit_turn>:
 c84:	fd010113          	addi	sp,sp,-48
 c88:	02112623          	sw	ra,44(sp)
 c8c:	03312423          	sw	s3,40(sp)
 c90:	03412223          	sw	s4,36(sp)
 c94:	03512023          	sw	s5,32(sp)
 c98:	01612e23          	sw	s6,28(sp)
 c9c:	01712c23          	sw	s7,24(sp)
 ca0:	01812a23          	sw	s8,20(sp)
 ca4:	00000517          	auipc	a0,0x0
 ca8:	2f450513          	addi	a0,a0,756 # f98 <msg_turn>
 cac:	d54ff0ef          	jal	ra,200 <putstr>
 cb0:	00442503          	lw	a0,4(s0)
 cb4:	f79ff0ef          	jal	ra,c2c <emit_player>
 cb8:	dc0ff0ef          	jal	ra,278 <newline>
 cbc:	02c12083          	lw	ra,44(sp)
 cc0:	02812983          	lw	s3,40(sp)
 cc4:	02412a03          	lw	s4,36(sp)
 cc8:	02012a83          	lw	s5,32(sp)
 ccc:	01c12b03          	lw	s6,28(sp)
 cd0:	01812b83          	lw	s7,24(sp)
 cd4:	01412c03          	lw	s8,20(sp)
 cd8:	03010113          	addi	sp,sp,48
 cdc:	00008067          	jalr	zero,0(ra)

00000ce0 <emit_coords>:
 ce0:	fd010113          	addi	sp,sp,-48
 ce4:	02112623          	sw	ra,44(sp)
 ce8:	03312423          	sw	s3,40(sp)
 cec:	03412223          	sw	s4,36(sp)
 cf0:	03512023          	sw	s5,32(sp)
 cf4:	01612e23          	sw	s6,28(sp)
 cf8:	01712c23          	sw	s7,24(sp)
 cfc:	01812a23          	sw	s8,20(sp)
 d00:	000029b7          	lui	s3,0x2
 d04:	2c098993          	addi	s3,s3,704 # 22c0 <CMD>
 d08:	0049a503          	lw	a0,4(s3)
 d0c:	d74ff0ef          	jal	ra,280 <putnum>
 d10:	d60ff0ef          	jal	ra,270 <comma>
 d14:	0089a503          	lw	a0,8(s3)
 d18:	d68ff0ef          	jal	ra,280 <putnum>
 d1c:	d54ff0ef          	jal	ra,270 <comma>
 d20:	02c12083          	lw	ra,44(sp)
 d24:	02812983          	lw	s3,40(sp)
 d28:	02412a03          	lw	s4,36(sp)
 d2c:	02012a83          	lw	s5,32(sp)
 d30:	01c12b03          	lw	s6,28(sp)
 d34:	01812b83          	lw	s7,24(sp)
 d38:	01412c03          	lw	s8,20(sp)
 d3c:	03010113          	addi	sp,sp,48
 d40:	00008067          	jalr	zero,0(ra)

00000d44 <render>:
 d44:	fd010113          	addi	sp,sp,-48
 d48:	02112623          	sw	ra,44(sp)
 d4c:	03312423          	sw	s3,40(sp)
 d50:	03412223          	sw	s4,36(sp)
 d54:	03512023          	sw	s5,32(sp)
 d58:	01612e23          	sw	s6,28(sp)
 d5c:	01712c23          	sw	s7,24(sp)
 d60:	01812a23          	sw	s8,20(sp)
 d64:	00000993          	addi	s3,zero,0

00000d68 <rd_cells>:
 d68:	000022b7          	lui	t0,0x2
 d6c:	00299313          	slli	t1,s3,0x2
 d70:	006282b3          	add	t0,t0,t1
 d74:	0002a383          	lw	t2,0(t0) # 2000 <msg_end+0x101e>
 d78:	0033fe13          	andi	t3,t2,3
 d7c:	00000a13          	addi	s4,zero,0
 d80:	000e0463          	beq	t3,zero,d88 <rd_own_fire>
 d84:	00100a13          	addi	s4,zero,1

00000d88 <rd_own_fire>:
 d88:	1003f393          	andi	t2,t2,256
 d8c:	00038863          	beq	t2,zero,d9c <rd_own_ready>
 d90:	00200a13          	addi	s4,zero,2
 d94:	000e0463          	beq	t3,zero,d9c <rd_own_ready>
 d98:	00300a13          	addi	s4,zero,3

00000d9c <rd_own_ready>:
 d9c:	0039da93          	srli	s5,s3,0x3
 da0:	0079fb13          	andi	s6,s3,7
 da4:	00042283          	lw	t0,0(s0)
 da8:	02029263          	bne	t0,zero,dcc <rd_own_write>
 dac:	01442283          	lw	t0,20(s0)
 db0:	00300313          	addi	t1,zero,3
 db4:	00628c63          	beq	t0,t1,dcc <rd_own_write>
 db8:	00842283          	lw	t0,8(s0)
 dbc:	01529863          	bne	t0,s5,dcc <rd_own_write>
 dc0:	00c42283          	lw	t0,12(s0)
 dc4:	01629463          	bne	t0,s6,dcc <rd_own_write>
 dc8:	008a6a13          	ori	s4,s4,8

00000dcc <rd_own_write>:
 dcc:	002a8293          	addi	t0,s5,2
 dd0:	00429313          	slli	t1,t0,0x4
 dd4:	00229293          	slli	t0,t0,0x2
 dd8:	006282b3          	add	t0,t0,t1
 ddc:	016282b3          	add	t0,t0,s6
 de0:	00128293          	addi	t0,t0,1
 de4:	00229293          	slli	t0,t0,0x2
 de8:	005902b3          	add	t0,s2,t0
 dec:	0142a023          	sw	s4,0(t0)
 df0:	000022b7          	lui	t0,0x2
 df4:	10028293          	addi	t0,t0,256 # 2100 <msg_end+0x111e>
 df8:	00299313          	slli	t1,s3,0x2
 dfc:	006282b3          	add	t0,t0,t1
 e00:	0002a383          	lw	t2,0(t0)
 e04:	00000a13          	addi	s4,zero,0
 e08:	1003f293          	andi	t0,t2,256
 e0c:	00028a63          	beq	t0,zero,e20 <rd_rival_ready>
 e10:	00200a13          	addi	s4,zero,2
 e14:	0033f293          	andi	t0,t2,3
 e18:	00028463          	beq	t0,zero,e20 <rd_rival_ready>
 e1c:	00300a13          	addi	s4,zero,3

00000e20 <rd_rival_ready>:
 e20:	00042283          	lw	t0,0(s0)
 e24:	00100313          	addi	t1,zero,1
 e28:	02629063          	bne	t0,t1,e48 <rd_rival_write>
 e2c:	00442283          	lw	t0,4(s0)
 e30:	00029c63          	bne	t0,zero,e48 <rd_rival_write>
 e34:	00842283          	lw	t0,8(s0)
 e38:	01529863          	bne	t0,s5,e48 <rd_rival_write>
 e3c:	00c42283          	lw	t0,12(s0)
 e40:	01629463          	bne	t0,s6,e48 <rd_rival_write>
 e44:	008a6a13          	ori	s4,s4,8

00000e48 <rd_rival_write>:
 e48:	002a8293          	addi	t0,s5,2
 e4c:	00429313          	slli	t1,t0,0x4
 e50:	00229293          	slli	t0,t0,0x2
 e54:	006282b3          	add	t0,t0,t1
 e58:	016282b3          	add	t0,t0,s6
 e5c:	00b28293          	addi	t0,t0,11
 e60:	00229293          	slli	t0,t0,0x2
 e64:	005902b3          	add	t0,s2,t0
 e68:	0142a023          	sw	s4,0(t0)
 e6c:	00198993          	addi	s3,s3,1
 e70:	04000293          	addi	t0,zero,64
 e74:	ee59eae3          	bltu	s3,t0,d68 <rd_cells>
 e78:	00042283          	lw	t0,0(s0)
 e7c:	00128293          	addi	t0,t0,1
 e80:	36592a23          	sw	t0,884(s2) # 11374 <TXBUF+0xef74>
 e84:	01042283          	lw	t0,16(s0)
 e88:	00128293          	addi	t0,t0,1
 e8c:	36592c23          	sw	t0,888(s2)
 e90:	00442283          	lw	t0,4(s0)
 e94:	00128293          	addi	t0,t0,1
 e98:	36592e23          	sw	t0,892(s2)
 e9c:	00000293          	addi	t0,zero,0

00000ea0 <rd_hud>:
 ea0:	01442303          	lw	t1,20(s0)
 ea4:	0062b333          	sltu	t1,t0,t1
 ea8:	00530313          	addi	t1,t1,5
 eac:	00600393          	addi	t2,zero,6
 eb0:	00731463          	bne	t1,t2,eb8 <rd_hud1>
 eb4:	00100313          	addi	t1,zero,1

00000eb8 <rd_hud1>:
 eb8:	00229393          	slli	t2,t0,0x2
 ebc:	007903b3          	add	t2,s2,t2
 ec0:	3c63a223          	sw	t1,964(t2) # 23c4 <SOUNDBUF+0x4>
 ec4:	01842303          	lw	t1,24(s0)
 ec8:	0062b333          	sltu	t1,t0,t1
 ecc:	00030663          	beq	t1,zero,ed8 <rd_hud2_empty>
 ed0:	00100313          	addi	t1,zero,1
 ed4:	0080006f          	jal	zero,edc <rd_hud2>

00000ed8 <rd_hud2_empty>:
 ed8:	00500313          	addi	t1,zero,5

00000edc <rd_hud2>:
 edc:	4063aa23          	sw	t1,1044(t2)
 ee0:	00128293          	addi	t0,t0,1
 ee4:	00300313          	addi	t1,zero,3
 ee8:	fa62ece3          	bltu	t0,t1,ea0 <rd_hud>
 eec:	02c12083          	lw	ra,44(sp)
 ef0:	02812983          	lw	s3,40(sp)
 ef4:	02412a03          	lw	s4,36(sp)
 ef8:	02012a83          	lw	s5,32(sp)
 efc:	01c12b03          	lw	s6,28(sp)
 f00:	01812b83          	lw	s7,24(sp)
 f04:	01412c03          	lw	s8,20(sp)
 f08:	03010113          	addi	sp,sp,48
 f0c:	00008067          	jalr	zero,0(ra)

00000f10 <prefix_place>:
 f10:	0050                	.insn	2, 0x0050
 f12:	0000                	.insn	2, 0x
 f14:	004c                	.insn	2, 0x004c
 f16:	0000                	.insn	2, 0x
 f18:	0041                	.insn	2, 0x0041
 f1a:	0000                	.insn	2, 0x
 f1c:	00000043          	.insn	4, 0x0043
 f20:	0045                	.insn	2, 0x0045
 f22:	0000                	.insn	2, 0x
 f24:	002c                	.insn	2, 0x002c
 f26:	0000                	.insn	2, 0x
 f28:	0000                	.insn	2, 0x
	...

00000f2c <prefix_fire>:
 f2c:	0046                	.insn	2, 0x0046
 f2e:	0000                	.insn	2, 0x
 f30:	0049                	.insn	2, 0x0049
 f32:	0000                	.insn	2, 0x
 f34:	0052                	.insn	2, 0x0052
 f36:	0000                	.insn	2, 0x
 f38:	0045                	.insn	2, 0x0045
 f3a:	0000                	.insn	2, 0x
 f3c:	002c                	.insn	2, 0x002c
 f3e:	0000                	.insn	2, 0x
 f40:	0000                	.insn	2, 0x
	...

00000f44 <msg_new>:
 f44:	454e                	.insn	2, 0x454e
 f46:	Address 0xf46 is out of bounds.


00000f49 <msg_bad>:
 f49:	5245                	.insn	2, 0x5245
 f4b:	4f52                	.insn	2, 0x4f52
 f4d:	2c52                	.insn	2, 0x2c52
 f4f:	4142                	.insn	2, 0x4142
 f51:	5f44                	.insn	2, 0x5f44
 f53:	5246                	.insn	2, 0x5246
 f55:	4d41                	.insn	2, 0x4d41
 f57:	0a45                	.insn	2, 0x0a45
	...

00000f5a <msg_place>:
 f5a:	4c50                	.insn	2, 0x4c50
 f5c:	4341                	.insn	2, 0x4341
 f5e:	2c45                	.insn	2, 0x2c45
	...

00000f61 <msg_reject>:
 f61:	522c                	.insn	2, 0x522c
 f63:	4a45                	.insn	2, 0x4a45
 f65:	4345                	.insn	2, 0x4345
 f67:	2c54                	.insn	2, 0x2c54
	...

00000f6a <msg_ok>:
 f6a:	4f2c                	.insn	2, 0x4f2c
 f6c:	Address 0xf6c is out of bounds.


00000f6f <msg_bounds>:
 f6f:	5f54554f          	.insn	4, 0x5f54554f
 f73:	425f464f          	.insn	4, 0x425f464f
 f77:	444e554f          	.insn	4, 0x444e554f
 f7b:	Address 0xf7b is out of bounds.


00000f7e <msg_overlap>:
 f7e:	5245564f          	.insn	4, 0x5245564f
 f82:	414c                	.insn	2, 0x414c
 f84:	0a50                	.insn	2, 0x0a50
	...

00000f87 <msg_invalid>:
 f87:	4e49                	.insn	2, 0x4e49
 f89:	4156                	.insn	2, 0x4156
 f8b:	494c                	.insn	2, 0x494c
 f8d:	0a44                	.insn	2, 0x0a44
	...

00000f90 <msg_battle>:
 f90:	4142                	.insn	2, 0x4142
 f92:	5454                	.insn	2, 0x5454
 f94:	454c                	.insn	2, 0x454c
 f96:	000a                	.insn	2, 0x000a

00000f98 <msg_turn>:
 f98:	5554                	.insn	2, 0x5554
 f9a:	4e52                	.insn	2, 0x4e52
 f9c:	002c                	.insn	2, 0x002c

00000f9e <msg_shot>:
 f9e:	544f4853          	.insn	4, 0x544f4853
 fa2:	002c                	.insn	2, 0x002c

00000fa4 <msg_incoming>:
 fa4:	4e49                	.insn	2, 0x4e49
 fa6:	494d4f43          	.insn	4, 0x494d4f43
 faa:	474e                	.insn	2, 0x474e
 fac:	002c                	.insn	2, 0x002c

00000fae <msg_shot_reject>:
 fae:	544f4853          	.insn	4, 0x544f4853
 fb2:	525f 4a45 4345      	.insn	6, 0x43454a45525f
 fb8:	2c54                	.insn	2, 0x2c54
	...

00000fbb <msg_repeat>:
 fbb:	4552                	.insn	2, 0x4552
 fbd:	4550                	.insn	2, 0x4550
 fbf:	5441                	.insn	2, 0x5441
 fc1:	000a                	.insn	2, 0x000a

00000fc3 <msg_not_turn>:
 fc3:	4f4e                	.insn	2, 0x4f4e
 fc5:	5f54                	.insn	2, 0x5f54
 fc7:	5554                	.insn	2, 0x5554
 fc9:	4e52                	.insn	2, 0x4e52
 fcb:	000a                	.insn	2, 0x000a

00000fcd <msg_hit>:
 fcd:	4948                	.insn	2, 0x4948
 fcf:	2c54                	.insn	2, 0x2c54
 fd1:	0a2d                	.insn	2, 0x0a2d
	...

00000fd4 <msg_miss>:
 fd4:	494d                	.insn	2, 0x494d
 fd6:	2d2c5353          	.insn	4, 0x2d2c5353
 fda:	000a                	.insn	2, 0x000a

00000fdc <msg_sunk>:
 fdc:	4b4e5553          	.insn	4, 0x4b4e5553
 fe0:	002c                	.insn	2, 0x002c

00000fe2 <msg_end>:
 fe2:	4e45                	.insn	2, 0x4e45
 fe4:	2c44                	.insn	2, 0x2c44
	...
